  Determining projects to restore...
  All projects are up-to-date for restore.
  AegisLink.Persistence -> C:\Users\User\Coding\Personal\Aegis-Link (C2 Tactical Simulator)\Persistence\bin\Debug\net10.0\AegisLink.Persistence.dll
  AegisLink.Core -> C:\Users\User\Coding\Personal\Aegis-Link (C2 Tactical Simulator)\Core\bin\Debug\net10.0\AegisLink.Core.dll
C:\Users\User\Coding\Personal\Aegis-Link (C2 Tactical Simulator)\Tests\SecurityUtilsTests.cs(14,29): error CS0266: Cannot implicitly convert type 'int' to 'byte'. An explicit conversion exists (are you missing a cast?) [C:\Users\User\Coding\Personal\Aegis-Link (C2 Tactical Simulator)\Tests\AegisLink.Tests.csproj]
C:\Users\User\Coding\Personal\Aegis-Link (C2 Tactical Simulator)\App\ViewModels\MainViewModel.cs(15,26): error CS0246: The type or namespace name 'UdpLinkService' could not be found (are you missing a using directive or an assembly reference?) [C:\Users\User\Coding\Personal\Aegis-Link (C2 Tactical Simulator)\App\AegisLink.App_ejbsr3ba_wpftmp.csproj]
C:\Users\User\Coding\Personal\Aegis-Link (C2 Tactical Simulator)\App\ViewModels\MainViewModel.cs(17,17): error CS0246: The type or namespace name 'VirtualLauncherService' could not be found (are you missing a using directive or an assembly reference?) [C:\Users\User\Coding\Personal\Aegis-Link (C2 Tactical Simulator)\App\AegisLink.App_ejbsr3ba_wpftmp.csproj]
C:\Users\User\Coding\Personal\Aegis-Link (C2 Tactical Simulator)\App\ViewModels\MainViewModel.cs(70,30): error CS0246: The type or namespace name 'UdpLinkService' could not be found (are you missing a using directive or an assembly reference?) [C:\Users\User\Coding\Personal\Aegis-Link (C2 Tactical Simulator)\App\AegisLink.App_ejbsr3ba_wpftmp.csproj]

Build FAILED.

C:\Users\User\Coding\Personal\Aegis-Link (C2 Tactical Simulator)\Tests\SecurityUtilsTests.cs(14,29): error CS0266: Cannot implicitly convert type 'int' to 'byte'. An explicit conversion exists (are you missing a cast?) [C:\Users\User\Coding\Personal\Aegis-Link (C2 Tactical Simulator)\Tests\AegisLink.Tests.csproj]
C:\Users\User\Coding\Personal\Aegis-Link (C2 Tactical Simulator)\App\ViewModels\MainViewModel.cs(15,26): error CS0246: The type or namespace name 'UdpLinkService' could not be found (are you missing a using directive or an assembly reference?) [C:\Users\User\Coding\Personal\Aegis-Link (C2 Tactical Simulator)\App\AegisLink.App_ejbsr3ba_wpftmp.csproj]
C:\Users\User\Coding\Personal\Aegis-Link (C2 Tactical Simulator)\App\ViewModels\MainViewModel.cs(17,17): error CS0246: The type or namespace name 'VirtualLauncherService' could not be found (are you missing a using directive or an assembly reference?) [C:\Users\User\Coding\Personal\Aegis-Link (C2 Tactical Simulator)\App\AegisLink.App_ejbsr3ba_wpftmp.csproj]
C:\Users\User\Coding\Personal\Aegis-Link (C2 Tactical Simulator)\App\ViewModels\MainViewModel.cs(70,30): error CS0246: The type or namespace name 'UdpLinkService' could not be found (are you missing a using directive or an assembly reference?) [C:\Users\User\Coding\Personal\Aegis-Link (C2 Tactical Simulator)\App\AegisLink.App_ejbsr3ba_wpftmp.csproj]
    0 Warning(s)
    4 Error(s)

Time Elapsed 00:00:02.47
